#
# A fatal error has been detected by the Java Runtime Environment:
#
#  EXCEPTION_ACCESS_VIOLATION (0xc0000005) at pc=0x00007ffc295ec049, pid=11796, tid=7172
#
# JRE version: OpenJDK Runtime Environment Temurin-17.0.20.1+1 (17.0.20.1+1) (build 17.0.20.1+1)
# Java VM: OpenJDK 64-Bit Server VM Temurin-17.0.20.1+1 (17.0.20.1+1, mixed mode, sharing, tiered, compressed oops, compressed class ptrs, g1 gc, windows-amd64)
# Problematic frame:
# V  [jvm.dll+0x30c049]
#
# No core dump will be written. Minidumps are not enabled by default on client versions of Windows
#
# If you would like to submit a bug report, please visit:
#   https://github.com/adoptium/adoptium-support/issues
#

---------------  S U M M A R Y ------------

Command Line: org.jetbrains.kotlin.cli.jvm.K2JVMCompiler @D:\LionPOSNative\node_modules\react-native-gesture-handler\android\build\20260921_10838315290651308085.compiler.options

Host: Intel(R) Core(TM) i5-2450M CPU @ 2.50GHz, 4 cores, 7G,  Windows 10 , 64 bit Build 19041 (10.0.19041.5915)
Time: Mon Sep 21 14:26:03 2026 SE Asia Standard Time elapsed time: 230.498673 seconds (0d 0h 3m 50s)

---------------  T H R E A D  ---------------

Current thread (0x000001ed455e7d30):  GCTaskThread "GC Thread#3" [stack: 0x000000dce2e00000,0x000000dce2f00000] [id=7172]

Stack: [0x000000dce2e00000,0x000000dce2f00000],  sp=0x000000dce2eff890,  free space=1022k
Native frames: (J=compiled Java code, j=interpreted, Vv=VM code, C=native code)
V  [jvm.dll+0x30c049]
V  [jvm.dll+0x308dee]
V  [jvm.dll+0x316683]
V  [jvm.dll+0x31850b]
V  [jvm.dll+0x316ccd]
V  [jvm.dll+0x318095]
V  [jvm.dll+0x2e3b13]
V  [jvm.dll+0x2e556b]
V  [jvm.dll+0x86824b]
V  [jvm.dll+0x868296]
V  [jvm.dll+0x7eb17c]
V  [jvm.dll+0x683c07]
C  [ucrtbase.dll+0x21bb2]
C  [KERNEL32.DLL+0x17374]
C  [ntdll.dll+0x4cc91]


siginfo: EXCEPTION_ACCESS_VIOLATION (0xc0000005), reading address 0x0000000002000000


Registers:
RAX=0x0000000000000000, RBX=0x0000000086cf2101, RCX=0x0000000000000014, RDX=0x0000000000000000
RSP=0x000000dce2eff890, RBP=0x00000000000008a4, RSI=0x0000000086cf2100, RDI=0x000001ed4633ba30
R8 =0x0000000086cf20e0, R9 =0x0000000083f37f28, R10=0x0000000002000000, R11=0x0000000000000001
R12=0x000000dce2effaf0, R13=0x000001ed5e32b0d0, R14=0x0000000000000040, R15=0x0000000000000000
RIP=0x00007ffc295ec049, EFLAGS=0x0000000000010246

XMM[0]=0x000000400012fa90 0x0000000086cf0dc3
XMM[1]=0x0000000000000000 0x87fa037800000000
XMM[2]=0x0000000087f9da80 0x87f9dd5087f9ee30
XMM[3]=0x87f9e27800000000 0x0000000087f9e188
XMM[4]=0x0000000000000000 0x0000000000000000
XMM[5]=0x87fa118800000000 0x0000000000000000
XMM[6]=0x0000000000000000 0x0000000000000000
XMM[7]=0x0000000000000000 0x0000000000000000
XMM[8]=0x0000000000000000 0x0000000000000000
XMM[9]=0x0000000000000000 0x0000000000000000
XMM[10]=0x0000000000000000 0x0000000000000000
XMM[11]=0x0000000000000000 0x0000000000000000
XMM[12]=0x0000000000000000 0x0000000000000000
XMM[13]=0x0000000000000000 0x0000000000000000
XMM[14]=0x0000000000000000 0x0000000000000000
XMM[15]=0x0000000000000000 0x0000000000000000
  MXCSR=0x00001fa0


Register to memory mapping:

RIP=0x00007ffc295ec049 jvm.dll
RAX=0x0 is NULL
RBX=0x0000000086cf2101 is pointing into object: [Ljava.lang.Object; 
{0x0000000086cf20e0} - klass: 'java/lang/Object'[]
 - length: 10
RCX=0x0000000000000014 is an unknown value
RDX=0x0 is NULL
RSP=0x000000dce2eff890 points into unknown readable memory: 0x0000000087f90000 | 00 00 f9 87 00 00 00 00
RBP=0x00000000000008a4 is an unknown value
RSI=0x0000000086cf2100 is pointing into object: [Ljava.lang.Object; 
{0x0000000086cf20e0} - klass: 'java/lang/Object'[]
 - length: 10
RDI=0x000001ed4633ba30 points into unknown readable memory: 0x00007ffc29c3f9a8 | a8 f9 c3 29 fc 7f 00 00
R8 =0x0000000086cf20e0 is an oop: [Ljava.lang.Object; 
{0x0000000086cf20e0} - klass: 'java/lang/Object'[]
 - length: 10
R9 =0x0000000083f37f28 is an oop: org.jetbrains.kotlin.load.java.structure.impl.classFiles.BinaryJavaMethod 
{0x0000000083f37f28} - klass: 'org/jetbrains/kotlin/load/java/structure/impl/classFiles/BinaryJavaMethod'
 - ---- fields (total size 6 words):
 - private final 'access' 'I' @12  1
 - private final 'containingClass' 'Lorg/jetbrains/kotlin/load/java/structure/JavaClass;' @16  a 'org/jetbrains/kotlin/load/java/structure/impl/classFiles/BinaryJavaClass'{0x0000000083f34e20} (83f34e20)
 - private final 'valueParameters' 'Ljava/util/List;' @20  a 'java/util/ArrayList'{0x0000000083f37f58} (83f37f58)
 - private final 'typeParameters' 'Ljava/util/List;' @24  a 'kotlin/collections/EmptyList'{0x00000000832a8180} (832a8180)
 - private final 'name' 'Lorg/jetbrains/kotlin/name/Name;' @28  a 'org/jetbrains/kotlin/name/Name'{0x0000000083f380d8} (83f380d8)
 - private final 'annotations' 'Ljava/util/Collection;' @32  a 'org/jetbrains/kotlin/utils/SmartList'{0x0000000083f38120} (83f38120)
 - private final 'annotationsByFqName$delegate' 'Lkotlin/Lazy;' @36  a 'kotlin/SynchronizedLazyImpl'{0x0000000083f38138} (83f38138)
 - private final 'returnType' 'Lorg/jetbrains/kotlin/load/java/structure/JavaType;' @40  a 'org/jetbrains/kotlin/load/java/structure/impl/classFiles/PlainJavaPrimitiveType'{0x0000000083f38168} (83f38168)
 - private 'annotationParameterDefaultValue' 'Lorg/jetbrains/kotlin/load/java/structure/JavaAnnotationArgument;' @44  NULL (0)
R10=0x0000000002000000 is an unknown value
R11=0x0000000000000001 is an unknown value
R12=0x000000dce2effaf0 points into unknown readable memory: 0x00007ffc29c40a60 | 60 0a c4 29 fc 7f 00 00
R13=0x000001ed5e32b0d0 points into unknown readable memory: 0x00000000000007d2 | d2 07 00 00 00 00 00 00
R14=0x0000000000000040 is an unknown value
R15=0x0 is NULL


Top of Stack: (sp=0x000000dce2eff890)
0x000000dce2eff890:   0000000087f90000 0000000000000100
0x000000dce2eff8a0:   0000000000000000 0000000000000009
0x000000dce2eff8b0:   000001ed7522ef80 0000000000000003
0x000000dce2eff8c0:   00000000000000c0 000000dce2effaf0
0x000000dce2eff8d0:   0000000084bf0800 00007ffc295e8dee
0x000000dce2eff8e0:   0000000084bf0800 000001ed4633ba30
0x000000dce2eff8f0:   000001ed7522ef80 0000000000000003
0x000000dce2eff900:   0000000089548053 00000085b90661a5
0x000000dce2eff910:   00000000000000c0 000000dce2effaf0
0x000000dce2eff920:   0000000084bf0e00 00007ffc295f6683
0x000000dce2eff930:   0000000084bf0800 000000dce2eff950
0x000000dce2eff940:   000000dce2eff960 000001ed798e8b20
0x000000dce2eff950:   0000000084bf0800 00000000000000c0
0x000000dce2eff960:   00007ffc29c40878 0000000000000000
0x000000dce2eff970:   000001ed5e323780 000001ed4633ba30
0x000000dce2eff980:   000001ed7522efa0 00007ffc295f850b
0x000000dce2eff990:   000000000000ef84 000001ed7522ef88
0x000000dce2eff9a0:   0000000000000007 0000000000000003
0x000000dce2eff9b0:   000001ed46b07cd0 00000000000083b0
0x000000dce2eff9c0:   000001ed46b07e30 000001ed46b0fcb8
0x000000dce2eff9d0:   0000000000000000 0000000000000000
0x000000dce2eff9e0:   0000000bdc000000 00007ffc29ad985e
0x000000dce2eff9f0:   000000dce2effa70 00007ffc295e08c2
0x000000dce2effa00:   000000dce2effb48 0000000000000001
0x000000dce2effa10:   000000000000001a 000001ed5e32ba30
0x000000dce2effa20:   00007ffc295f6c80 000001ed798e8b20
0x000000dce2effa30:   000001ed5e32b0d0 000000dce2effb59
0x000000dce2effa40:   000000dce2effaf0 00007ffc295f6ccd
0x000000dce2effa50:   000000dc0000001d 000001ed45172240
0x000000dce2effa60:   000000000000ef80 000000000000001d
0x000000dce2effa70:   000001ed4633ba30 00000000895474c8
0x000000dce2effa80:   00000085b8fb21dc 000000dce2effb48 

Instructions: (pc=0x00007ffc295ec049)
0x00007ffc295ebf49:   ff 48 8d 53 fe 48 8b cf e8 3a f4 ff ff e9 35 fd
0x00007ffc295ebf59:   ff ff 0f 1f 44 00 00 48 8b 77 10 8b ae 80 00 00
0x00007ffc295ebf69:   00 8b cd 8b 86 00 01 00 00 2b c8 81 e1 ff ff 01
0x00007ffc295ebf79:   00 41 3b ce 0f 86 e9 02 00 00 ff cd 81 e5 ff ff
0x00007ffc295ebf89:   01 00 89 ae 80 00 00 00 e8 aa a3 36 00 90 8b d5
0x00007ffc295ebf99:   8b 86 00 01 00 00 8b cd 48 8b 9e 80 01 00 00 2b
0x00007ffc295ebfa9:   c8 81 e1 ff ff 01 00 81 f9 ff ff 01 00 48 8b 1c
0x00007ffc295ebfb9:   eb 41 0f 44 cf 85 c9 75 3d 90 89 6c 24 50 48 8b
0x00007ffc295ebfc9:   86 00 01 00 00 48 8b c8 48 c1 e9 20 ff c1 89 4c
0x00007ffc295ebfd9:   24 54 3b e8 0f 85 77 02 00 00 48 c1 e1 20 48 0b
0x00007ffc295ebfe9:   ca f0 48 0f b1 8e 00 01 00 00 0f 85 61 02 00 00
0x00007ffc295ebff9:   8b 86 00 01 00 00 f6 c3 01 0f 84 2f 01 00 00 8b
0x00007ffc295ec009:   0d fa 52 81 00 48 8d 73 ff 48 8b 57 08 44 8b 16
0x00007ffc295ec019:   49 d3 e2 4c 03 15 dd 52 81 00 8b 8a b0 05 00 00
0x00007ffc295ec029:   49 8b c2 48 8b 92 a0 05 00 00 48 d3 e8 0f b7 14
0x00007ffc295ec039:   42 0f b7 c2 66 c1 e8 08 84 c0 0f 88 17 ff ff ff
0x00007ffc295ec049:   4d 8b 02 41 0f b6 c0 24 03 3c 03 75 1e 44 38 3d
0x00007ffc295ec059:   49 16 88 00 74 0f 41 0f b6 c0 24 07 3c 05 75 05
0x00007ffc295ec069:   4d 8b c7 eb 17 49 83 e0 fc eb 11 4d 8b c8 48 8b
0x00007ffc295ec079:   cf 4d 8b c2 e8 be ee ff ff 4c 8b c0 8b 0d 7d 52
0x00007ffc295ec089:   81 00 49 8b d0 48 2b 15 6b 52 81 00 48 d3 ea 89
0x00007ffc295ec099:   16 49 8b d0 8b 0d 8d 1e 88 00 48 33 d6 48 d3 ea
0x00007ffc295ec0a9:   48 85 d2 0f 84 ae fe ff ff 48 8b 47 08 48 8b d6
0x00007ffc295ec0b9:   8b 88 c0 01 00 00 48 8b 80 b0 01 00 00 48 d3 ea
0x00007ffc295ec0c9:   48 8b 0c d0 8b 81 94 00 00 00 d1 e8 a8 01 0f 85
0x00007ffc295ec0d9:   83 fe ff ff 48 8b 47 08 8b 88 b0 05 00 00 48 8b
0x00007ffc295ec0e9:   80 a0 05 00 00 49 d3 e8 46 38 3c 40 0f 84 65 fe
0x00007ffc295ec0f9:   ff ff 48 8b 47 60 48 c1 ee 09 48 8b 58 40 48 8b
0x00007ffc295ec109:   48 38 48 03 de 48 2b d9 48 39 9f b0 01 00 00 0f
0x00007ffc295ec119:   84 42 fe ff ff 48 8d 14 0b 48 8d 4f 18 e8 75 41
0x00007ffc295ec129:   00 00 48 89 9f b0 01 00 00 e9 29 fe ff ff f6 c3
0x00007ffc295ec139:   03 0f 85 09 01 00 00 48 8b 57 08 4c 8b 13 49 8b 


Stack slot to memory mapping:
stack at sp + 0 slots: 0x0000000087f90000 is pointing into object: org.jetbrains.kotlin.resolve.calls.util.CallMaker$CallImpl 
{0x0000000087f8fff8} - klass: 'org/jetbrains/kotlin/resolve/calls/util/CallMaker$CallImpl'
 - ---- fields (total size 5 words):
 - private final 'isSemanticallyEquivalentToSafeCall' 'Z' @12  false
 - private final 'callElement' 'Lorg/jetbrains/kotlin/psi/KtElement;' @16  a 'org/jetbrains/kotlin/psi/KtNameReferenceExpression'{0x0000000087f04fe0} (87f04fe0)
 - private final 'explicitReceiver' 'Lorg/jetbrains/kotlin/resolve/scopes/receivers/Receiver;' @20  NULL (0)
 - private final 'callOperationNode' 'Lorg/jetbrains/kotlin/com/intellij/lang/ASTNode;' @24  NULL (0)
 - private final 'calleeExpression' 'Lorg/jetbrains/kotlin/psi/KtExpression;' @28  a 'org/jetbrains/kotlin/psi/KtNameReferenceExpression'{0x0000000087f04fe0} (87f04fe0)
 - private final 'valueArguments' 'Ljava/util/List;' @32  a 'java/util/Collections$EmptyList'{0x0000000083225848} (83225848)
 - private final 'callType' 'Lorg/jetbrains/kotlin/psi/Call$CallType;' @36  a 'org/jetbrains/kotlin/psi/Call$CallType'{0x00000000846929e8} (846929e8)
stack at sp + 1 slots: 0x0000000000000100 is an unknown value
stack at sp + 2 slots: 0x0 is NULL
stack at sp + 3 slots: 0x0000000000000009 is an unknown value
stack at sp + 4 slots: 0x000001ed7522ef80 points into unknown readable memory: 0xffffffffffffffff | ff ff ff ff ff ff ff ff
stack at sp + 5 slots: 0x0000000000000003 is an unknown value
stack at sp + 6 slots: 0x00000000000000c0 is an unknown value
stack at sp + 7 slots: 0x000000dce2effaf0 points into unknown readable memory: 0x00007ffc29c40a60 | 60 0a c4 29 fc 7f 00 00


---------------  P R O C E S S  ---------------

Threads class SMR info:
_java_thread_list=0x000001ed463a0130, length=12, elements={
0x000001ed5e312020, 0x000001ed79a88140, 0x000001ed79a88ed0, 0x000001ed45100080,
0x000001ed45100950, 0x000001ed45101220, 0x000001ed45101af0, 0x000001ed451026f0,
0x000001ed45104010, 0x000001ed4517df80, 0x000001ed45233da0, 0x000001ed4523af10
}

Java Threads: ( => current thread )
  0x000001ed5e312020 JavaThread "main" [_thread_blocked, id=5384, stack(0x000000dce1900000,0x000000dce1a00000)]
  0x000001ed79a88140 JavaThread "Reference Handler" daemon [_thread_blocked, id=11392, stack(0x000000dce2000000,0x000000dce2100000)]
  0x000001ed79a88ed0 JavaThread "Finalizer" daemon [_thread_blocked, id=2960, stack(0x000000dce2100000,0x000000dce2200000)]
  0x000001ed45100080 JavaThread "Signal Dispatcher" daemon [_thread_blocked, id=7392, stack(0x000000dce2200000,0x000000dce2300000)]
  0x000001ed45100950 JavaThread "Attach Listener" daemon [_thread_blocked, id=10944, stack(0x000000dce2300000,0x000000dce2400000)]
  0x000001ed45101220 JavaThread "Service Thread" daemon [_thread_blocked, id=7448, stack(0x000000dce2400000,0x000000dce2500000)]
  0x000001ed45101af0 JavaThread "Monitor Deflation Thread" daemon [_thread_blocked, id=10468, stack(0x000000dce2500000,0x000000dce2600000)]
  0x000001ed451026f0 JavaThread "C2 CompilerThread0" daemon [_thread_blocked, id=8372, stack(0x000000dce2600000,0x000000dce2700000)]
  0x000001ed45104010 JavaThread "C1 CompilerThread0" daemon [_thread_blocked, id=11316, stack(0x000000dce2700000,0x000000dce2800000)]
  0x000001ed4517df80 JavaThread "Sweeper thread" daemon [_thread_blocked, id=11280, stack(0x000000dce2800000,0x000000dce2900000)]
  0x000001ed45233da0 JavaThread "Notification Thread" daemon [_thread_blocked, id=1308, stack(0x000000dce2900000,0x000000dce2a00000)]
  0x000001ed4523af10 JavaThread "Common-Cleaner" daemon [_thread_blocked, id=11296, stack(0x000000dce2b00000,0x000000dce2c00000)]

Other Threads:
  0x000001ed79a81760 VMThread "VM Thread" [stack: 0x000000dce1f00000,0x000000dce2000000] [id=11400]
  0x000001ed4523a6b0 WatcherThread [stack: 0x000000dce2a00000,0x000000dce2b00000] [id=6344]
  0x000001ed5e34e360 GCTaskThread "GC Thread#0" [stack: 0x000000dce1a00000,0x000000dce1b00000] [id=7088]
  0x000001ed455ceba0 GCTaskThread "GC Thread#1" [stack: 0x000000dce2c00000,0x000000dce2d00000] [id=11736]
  0x000001ed455cee60 GCTaskThread "GC Thread#2" [stack: 0x000000dce2d00000,0x000000dce2e00000] [id=11868]
=>0x000001ed455e7d30 GCTaskThread "GC Thread#3" [stack: 0x000000dce2e00000,0x000000dce2f00000] [id=7172]
  0x000001ed5e35bc70 ConcurrentGCThread "G1 Main Marker" [stack: 0x000000dce1b00000,0x000000dce1c00000] [id=12252]
  0x000001ed5e35e350 ConcurrentGCThread "G1 Conc#0" [stack: 0x000000dce1c00000,0x000000dce1d00000] [id=12132]
  0x000001ed79935c60 ConcurrentGCThread "G1 Refine#0" [stack: 0x000000dce1d00000,0x000000dce1e00000] [id=11948]
  0x000001ed47307150 ConcurrentGCThread "G1 Refine#1" [stack: 0x000000dce2f00000,0x000000dce3000000] [id=12596]
  0x000001ed799365a0 ConcurrentGCThread "G1 Service" [stack: 0x000000dce1e00000,0x000000dce1f00000] [id=7376]

Threads with active compile tasks:

VM state: at safepoint (normal execution)

VM Mutex/Monitor currently owned by a thread:  ([mutex/lock_event])
[0x000001ed5e30daf0] Threads_lock - owner thread: 0x000001ed79a81760
[0x000001ed5e30eea0] Heap_lock - owner thread: 0x000001ed5e312020

Heap address: 0x0000000082e00000, size: 2002 MB, Compressed Oops mode: 32-bit

CDS archive(s) mapped at: [0x000001ed00000000-0x000001ed00bb0000-0x000001ed00bb0000), size 12255232, SharedBaseAddress: 0x000001ed00000000, ArchiveRelocationMode: 1.
Compressed class space mapped at: 0x000001ed01000000-0x000001ed41000000, reserved size: 1073741824
Narrow klass base: 0x000001ed00000000, Narrow klass shift: 0, Narrow klass range: 0x100000000

GC Precious Log:
 CPUs: 4 total, 4 available
 Memory: 8003M
 Large Page Support: Disabled
 NUMA Support: Disabled
 Compressed Oops: Enabled (32-bit)
 Heap Region Size: 1M
 Heap Min Capacity: 8M
 Heap Initial Capacity: 126M
 Heap Max Capacity: 2002M
 Pre-touch: Disabled
 Parallel Workers: 4
 Concurrent Workers: 1
 Concurrent Refinement Workers: 4
 Periodic GC: Disabled

Heap:
 garbage-first heap   total 112640K, used 90171K [0x0000000082e00000, 0x0000000100000000)
  region size 1024K, 26 young (26624K), 3 survivors (3072K)
 Metaspace       used 55262K, committed 55552K, reserved 1114112K
  class space    used 6286K, committed 6464K, reserved 1048576K

Heap Regions: E=young(eden), S=young(survivor), O=old, HS=humongous(starts), HC=humongous(continues), CS=collection set, F=free, OA=open archive, CA=closed archive, TAMS=top-at-mark-start (previous, next)
|   0|0x0000000082e00000, 0x0000000082f00000, 0x0000000082f00000|100%|HS|  |TAMS 0x0000000082f00000, 0x0000000082e00000| Complete 
|   1|0x0000000082f00000, 0x0000000083000000, 0x0000000083000000|100%|HC|  |TAMS 0x0000000083000000, 0x0000000082f00000| Complete 
|   2|0x0000000083000000, 0x0000000083100000, 0x0000000083100000|100%|HC|  |TAMS 0x0000000083100000, 0x0000000083000000| Complete 
|   3|0x0000000083100000, 0x0000000083200000, 0x0000000083200000|100%|HC|  |TAMS 0x0000000083200000, 0x0000000083100000| Complete 
|   4|0x0000000083200000, 0x0000000083300000, 0x0000000083300000|100%| O|  |TAMS 0x0000000083300000, 0x0000000083200000| Untracked 
|   5|0x0000000083300000, 0x0000000083400000, 0x0000000083400000|100%| O|  |TAMS 0x0000000083400000, 0x0000000083300000| Untracked 
|   6|0x0000000083400000, 0x0000000083500000, 0x0000000083500000|100%| O|  |TAMS 0x0000000083500000, 0x0000000083400000| Untracked 
|   7|0x0000000083500000, 0x0000000083600000, 0x0000000083600000|100%| O|  |TAMS 0x0000000083600000, 0x0000000083500000| Untracked 
|   8|0x0000000083600000, 0x0000000083700000, 0x0000000083700000|100%| O|  |TAMS 0x0000000083700000, 0x0000000083600000| Untracked 
|   9|0x0000000083700000, 0x0000000083800000, 0x0000000083800000|100%| O|  |TAMS 0x0000000083800000, 0x0000000083700000| Untracked 
|  10|0x0000000083800000, 0x0000000083900000, 0x0000000083900000|100%| O|  |TAMS 0x0000000083900000, 0x0000000083800000| Untracked 
|  11|0x0000000083900000, 0x0000000083a00000, 0x0000000083a00000|100%| O|  |TAMS 0x0000000083a00000, 0x0000000083900000| Untracked 
|  12|0x0000000083a00000, 0x0000000083b00000, 0x0000000083b00000|100%| O|  |TAMS 0x0000000083b00000, 0x0000000083a00000| Untracked 
|  13|0x0000000083b00000, 0x0000000083c00000, 0x0000000083c00000|100%| O|  |TAMS 0x0000000083c00000, 0x0000000083b00000| Untracked 
|  14|0x0000000083c00000, 0x0000000083d00000, 0x0000000083d00000|100%| O|  |TAMS 0x0000000083d00000, 0x0000000083c00000| Untracked 
|  15|0x0000000083d00000, 0x0000000083e00000, 0x0000000083e00000|100%| O|  |TAMS 0x0000000083e00000, 0x0000000083d00000| Untracked 
|  16|0x0000000083e00000, 0x0000000083f00000, 0x0000000083f00000|100%| O|  |TAMS 0x0000000083f00000, 0x0000000083e00000| Untracked 
|  17|0x0000000083f00000, 0x0000000084000000, 0x0000000084000000|100%| O|  |TAMS 0x0000000084000000, 0x0000000083f00000| Untracked 
|  18|0x0000000084000000, 0x0000000084100000, 0x0000000084100000|100%|HS|  |TAMS 0x0000000084100000, 0x0000000084000000| Complete 
|  19|0x0000000084100000, 0x0000000084200000, 0x0000000084200000|100%|HC|  |TAMS 0x0000000084200000, 0x0000000084100000| Complete 
|  20|0x0000000084200000, 0x0000000084300000, 0x0000000084300000|100%| O|  |TAMS 0x0000000084300000, 0x0000000084200000| Untracked 
|  21|0x0000000084300000, 0x0000000084400000, 0x0000000084400000|100%| O|  |TAMS 0x0000000084400000, 0x0000000084300000| Untracked 
|  22|0x0000000084400000, 0x0000000084500000, 0x0000000084500000|100%| O|  |TAMS 0x0000000084500000, 0x0000000084400000| Untracked 
|  23|0x0000000084500000, 0x0000000084600000, 0x0000000084600000|100%| O|  |TAMS 0x0000000084600000, 0x0000000084500000| Untracked 
|  24|0x0000000084600000, 0x0000000084700000, 0x0000000084700000|100%| O|  |TAMS 0x0000000084700000, 0x0000000084600000| Untracked 
|  25|0x0000000084700000, 0x0000000084800000, 0x0000000084800000|100%| O|  |TAMS 0x0000000084800000, 0x0000000084700000| Untracked 
|  26|0x0000000084800000, 0x0000000084900000, 0x0000000084900000|100%| O|  |TAMS 0x0000000084900000, 0x0000000084800000| Untracked 
|  27|0x0000000084900000, 0x0000000084a00000, 0x0000000084a00000|100%| O|  |TAMS 0x0000000084a00000, 0x0000000084900000| Untracked 
|  28|0x0000000084a00000, 0x0000000084b00000, 0x0000000084b00000|100%|HS|  |TAMS 0x0000000084a00000, 0x0000000084a00000| Complete 
|  29|0x0000000084b00000, 0x0000000084c00000, 0x0000000084c00000|100%| O|  |TAMS 0x0000000084c00000, 0x0000000084b00000| Untracked 
|  30|0x0000000084c00000, 0x0000000084d00000, 0x0000000084d00000|100%| O|  |TAMS 0x0000000084d00000, 0x0000000084c00000| Untracked 
|  31|0x0000000084d00000, 0x0000000084e00000, 0x0000000084e00000|100%| O|  |TAMS 0x0000000084e00000, 0x0000000084d00000| Untracked 
|  32|0x0000000084e00000, 0x0000000084f00000, 0x0000000084f00000|100%| O|  |TAMS 0x0000000084f00000, 0x0000000084e00000| Untracked 
|  33|0x0000000084f00000, 0x0000000085000000, 0x0000000085000000|100%| O|  |TAMS 0x0000000085000000, 0x0000000084f00000| Untracked 
|  34|0x0000000085000000, 0x0000000085100000, 0x0000000085100000|100%| O|  |TAMS 0x0000000085100000, 0x0000000085000000| Untracked 
|  35|0x0000000085100000, 0x0000000085200000, 0x0000000085200000|100%| O|  |TAMS 0x0000000085200000, 0x0000000085100000| Complete 
|  36|0x0000000085200000, 0x0000000085300000, 0x0000000085300000|100%| O|  |TAMS 0x0000000085300000, 0x0000000085200000| Untracked 
|  37|0x0000000085300000, 0x0000000085400000, 0x0000000085400000|100%| O|  |TAMS 0x0000000085400000, 0x0000000085300000| Untracked 
|  38|0x0000000085400000, 0x0000000085500000, 0x0000000085500000|100%| O|  |TAMS 0x0000000085500000, 0x0000000085400000| Untracked 
|  39|0x0000000085500000, 0x0000000085600000, 0x0000000085600000|100%| O|  |TAMS 0x0000000085600000, 0x0000000085500000| Untracked 
|  40|0x0000000085600000, 0x0000000085700000, 0x0000000085700000|100%| O|  |TAMS 0x0000000085700000, 0x0000000085600000| Untracked 
|  41|0x0000000085700000, 0x0000000085800000, 0x0000000085800000|100%| O|  |TAMS 0x0000000085800000, 0x0000000085700000| Untracked 
|  42|0x0000000085800000, 0x0000000085900000, 0x0000000085900000|100%| O|  |TAMS 0x0000000085900000, 0x0000000085800000| Untracked 
|  43|0x0000000085900000, 0x0000000085a00000, 0x0000000085a00000|100%| O|  |TAMS 0x0000000085a00000, 0x0000000085900000| Untracked 
|  44|0x0000000085a00000, 0x0000000085b00000, 0x0000000085b00000|100%| O|  |TAMS 0x0000000085b00000, 0x0000000085a00000| Untracked 
|  45|0x0000000085b00000, 0x0000000085c00000, 0x0000000085c00000|100%| O|  |TAMS 0x0000000085c00000, 0x0000000085b00000| Untracked 
|  46|0x0000000085c00000, 0x0000000085d00000, 0x0000000085d00000|100%| O|  |TAMS 0x0000000085d00000, 0x0000000085c00000| Untracked 
|  47|0x0000000085d00000, 0x0000000085e00000, 0x0000000085e00000|100%| O|  |TAMS 0x0000000085e00000, 0x0000000085d00000| Untracked 
|  48|0x0000000085e00000, 0x0000000085f00000, 0x0000000085f00000|100%| O|  |TAMS 0x0000000085f00000, 0x0000000085e00000| Untracked 
|  49|0x0000000085f00000, 0x0000000086000000, 0x0000000086000000|100%| O|  |TAMS 0x0000000086000000, 0x0000000085f00000| Untracked 
|  50|0x0000000086000000, 0x0000000086100000, 0x0000000086100000|100%| O|  |TAMS 0x0000000086100000, 0x0000000086000000| Untracked 
|  51|0x0000000086100000, 0x0000000086200000, 0x0000000086200000|100%| O|  |TAMS 0x0000000086200000, 0x0000000086100000| Untracked 
|  52|0x0000000086200000, 0x0000000086300000, 0x0000000086300000|100%| O|  |TAMS 0x0000000086300000, 0x0000000086200000| Untracked 
|  53|0x0000000086300000, 0x0000000086400000, 0x0000000086400000|100%| O|  |TAMS 0x0000000086400000, 0x0000000086300000| Untracked 
|  54|0x0000000086400000, 0x0000000086500000, 0x0000000086500000|100%|HS|  |TAMS 0x0000000086500000, 0x0000000086400000| Complete 
|  55|0x0000000086500000, 0x0000000086600000, 0x0000000086600000|100%|HC|  |TAMS 0x0000000086600000, 0x0000000086500000| Complete 
|  56|0x0000000086600000, 0x0000000086700000, 0x0000000086700000|100%| O|  |TAMS 0x0000000086700000, 0x0000000086600000| Untracked 
|  57|0x0000000086700000, 0x0000000086800000, 0x0000000086800000|100%| O|  |TAMS 0x0000000086800000, 0x0000000086700000| Untracked 
|  58|0x0000000086800000, 0x0000000086900000, 0x0000000086900000|100%| O|  |TAMS 0x0000000086900000, 0x0000000086800000| Untracked 
|  59|0x0000000086900000, 0x0000000086a00000, 0x0000000086a00000|100%| O|  |TAMS 0x0000000086a00000, 0x0000000086900000| Untracked 
|  60|0x0000000086a00000, 0x0000000086b00000, 0x0000000086b00000|100%| O|  |TAMS 0x0000000086b00000, 0x0000000086a00000| Untracked 
|  61|0x0000000086b00000, 0x0000000086c00000, 0x0000000086c00000|100%| O|  |TAMS 0x0000000086c00000, 0x0000000086b00000| Untracked 
|  62|0x0000000086c00000, 0x0000000086d00000, 0x0000000086d00000|100%| O|  |TAMS 0x0000000086c87e00, 0x0000000086c00000| Untracked 
|  63|0x0000000086d00000, 0x0000000086e00000, 0x0000000086e00000|100%| O|  |TAMS 0x0000000086d00000, 0x0000000086d00000| Untracked 
|  64|0x0000000086e00000, 0x0000000086f00000, 0x0000000086f00000|100%| O|  |TAMS 0x0000000086e00000, 0x0000000086e00000| Untracked 
|  65|0x0000000086f00000, 0x0000000086f00000, 0x0000000087000000|  0%| F|  |TAMS 0x0000000086f00000, 0x0000000086f00000| Untracked 
|  66|0x0000000087000000, 0x0000000087000000, 0x0000000087100000|  0%| F|  |TAMS 0x0000000087000000, 0x0000000087000000| Untracked 
|  67|0x0000000087100000, 0x0000000087100000, 0x0000000087200000|  0%| F|  |TAMS 0x0000000087100000, 0x0000000087100000| Untracked 
|  68|0x0000000087200000, 0x0000000087200000, 0x0000000087300000|  0%| F|  |TAMS 0x0000000087200000, 0x0000000087200000| Untracked 
|  69|0x0000000087300000, 0x0000000087300000, 0x0000000087400000|  0%| F|  |TAMS 0x0000000087300000, 0x0000000087300000| Untracked 
|  70|0x0000000087400000, 0x0000000087400000, 0x0000000087500000|  0%| F|  |TAMS 0x0000000087400000, 0x0000000087400000| Untracked 
|  71|0x0000000087500000, 0x0000000087500000, 0x0000000087600000|  0%| F|  |TAMS 0x0000000087500000, 0x0000000087500000| Untracked 
|  72|0x0000000087600000, 0x0000000087600000, 0x0000000087700000|  0%| F|  |TAMS 0x0000000087600000, 0x0000000087600000| Untracked 
|  73|0x0000000087700000, 0x0000000087700000, 0x0000000087800000|  0%| F|  |TAMS 0x0000000087700000, 0x0000000087700000| Untracked 
|  74|0x0000000087800000, 0x0000000087800000, 0x0000000087900000|  0%| F|  |TAMS 0x0000000087800000, 0x0000000087800000| Untracked 
|  75|0x0000000087900000, 0x0000000087900000, 0x0000000087a00000|  0%| F|  |TAMS 0x0000000087900000, 0x0000000087900000| Untracked 
|  76|0x0000000087a00000, 0x0000000087a00000, 0x0000000087b00000|  0%| F|  |TAMS 0x0000000087a00000, 0x0000000087a00000| Untracked 
|  77|0x0000000087b00000, 0x0000000087b00000, 0x0000000087c00000|  0%| F|  |TAMS 0x0000000087b00000, 0x0000000087b00000| Untracked 
|  78|0x0000000087c00000, 0x0000000087c00000, 0x0000000087d00000|  0%| F|  |TAMS 0x0000000087c00000, 0x0000000087c00000| Untracked 
|  79|0x0000000087d00000, 0x0000000087d00000, 0x0000000087e00000|  0%| F|  |TAMS 0x0000000087d00000, 0x0000000087d00000| Untracked 
|  80|0x0000000087e00000, 0x0000000087e86fa0, 0x0000000087f00000| 52%| E|CS|TAMS 0x0000000087e00000, 0x0000000087e00000| Complete 
|  81|0x0000000087f00000, 0x0000000088000000, 0x0000000088000000|100%| E|CS|TAMS 0x0000000087f00000, 0x0000000087f00000| Complete 
|  82|0x0000000088000000, 0x0000000088100000, 0x0000000088100000|100%| E|CS|TAMS 0x0000000088000000, 0x0000000088000000| Complete 
|  83|0x0000000088100000, 0x0000000088100000, 0x0000000088200000|  0%| F|  |TAMS 0x0000000088100000, 0x0000000088100000| Untracked 
|  84|0x0000000088200000, 0x00000000882ce900, 0x0000000088300000| 80%| S|  |TAMS 0x0000000088200000, 0x0000000088200000| Complete 
|  85|0x0000000088300000, 0x0000000088400000, 0x0000000088400000|100%| S|  |TAMS 0x0000000088300000, 0x0000000088300000| Complete 
|  86|0x0000000088400000, 0x0000000088500000, 0x0000000088500000|100%| S|  |TAMS 0x0000000088400000, 0x0000000088400000| Complete 
|  87|0x0000000088500000, 0x0000000088600000, 0x0000000088600000|100%| E|CS|TAMS 0x0000000088500000, 0x0000000088500000| Complete 
|  88|0x0000000088600000, 0x0000000088700000, 0x0000000088700000|100%| E|CS|TAMS 0x0000000088600000, 0x0000000088600000| Complete 
|  89|0x0000000088700000, 0x0000000088800000, 0x0000000088800000|100%| E|CS|TAMS 0x0000000088700000, 0x0000000088700000| Complete 
|  90|0x0000000088800000, 0x0000000088900000, 0x0000000088900000|100%| E|CS|TAMS 0x0000000088800000, 0x0000000088800000| Complete 
|  91|0x0000000088900000, 0x0000000088a00000, 0x0000000088a00000|100%| E|CS|TAMS 0x0000000088900000, 0x0000000088900000| Complete 
|  92|0x0000000088a00000, 0x0000000088b00000, 0x0000000088b00000|100%| E|CS|TAMS 0x0000000088a00000, 0x0000000088a00000| Complete 
|  93|0x0000000088b00000, 0x0000000088c00000, 0x0000000088c00000|100%| E|CS|TAMS 0x0000000088b00000, 0x0000000088b00000| Complete 
|  94|0x0000000088c00000, 0x0000000088d00000, 0x0000000088d00000|100%| E|CS|TAMS 0x0000000088c00000, 0x0000000088c00000| Complete 
|  95|0x0000000088d00000, 0x0000000088e00000, 0x0000000088e00000|100%| E|CS|TAMS 0x0000000088d00000, 0x0000000088d00000| Complete 
|  96|0x0000000088e00000, 0x0000000088f00000, 0x0000000088f00000|100%| E|CS|TAMS 0x0000000088e00000, 0x0000000088e00000| Complete 
|  97|0x0000000088f00000, 0x0000000089000000, 0x0000000089000000|100%| E|CS|TAMS 0x0000000088f00000, 0x0000000088f00000| Complete 
|  98|0x0000000089000000, 0x0000000089100000, 0x0000000089100000|100%| E|CS|TAMS 0x0000000089000000, 0x0000000089000000| Complete 
|  99|0x0000000089100000, 0x0000000089200000, 0x0000000089200000|100%| E|CS|TAMS 0x0000000089100000, 0x0000000089100000| Complete 
| 100|0x0000000089200000, 0x0000000089300000, 0x0000000089300000|100%| E|CS|TAMS 0x0000000089200000, 0x0000000089200000| Complete 
| 101|0x0000000089300000, 0x0000000089400000, 0x0000000089400000|100%| E|CS|TAMS 0x0000000089300000, 0x0000000089300000| Complete 
| 102|0x0000000089400000, 0x0000000089500000, 0x0000000089500000|100%| E|CS|TAMS 0x0000000089400000, 0x0000000089400000| Complete 
| 103|0x0000000089500000, 0x0000000089600000, 0x0000000089600000|100%| E|CS|TAMS 0x0000000089500000, 0x0000000089500000| Complete 
| 104|0x0000000089600000, 0x0000000089700000, 0x0000000089700000|100%| E|CS|TAMS 0x0000000089600000, 0x0000000089600000| Complete 
| 105|0x0000000089700000, 0x0000000089800000, 0x0000000089800000|100%| E|CS|TAMS 0x0000000089700000, 0x0000000089700000| Complete 
| 106|0x0000000089800000, 0x0000000089900000, 0x0000000089900000|100%| E|CS|TAMS 0x0000000089800000, 0x0000000089800000| Complete 
| 107|0x0000000089900000, 0x0000000089a00000, 0x0000000089a00000|100%| E|CS|TAMS 0x0000000089900000, 0x0000000089900000| Complete 
| 108|0x0000000089a00000, 0x0000000089b00000, 0x0000000089b00000|100%| E|CS|TAMS 0x0000000089a00000, 0x0000000089a00000| Complete 
| 125|0x000000008ab00000, 0x000000008ac00000, 0x000000008ac00000|100%| E|CS|TAMS 0x000000008ab00000, 0x000000008ab00000| Complete 

Card table byte_map: [0x000001ed75220000,0x000001ed75610000] _byte_map_base: 0x000001ed74e09000

Marking Bits (Prev, Next): (CMBitMap*) 0x000001ed5e34f7a0, (CMBitMap*) 0x000001ed5e34f7e0
 Prev Bits: [0x000001ed75a00000, 0x000001ed77948000)
 Next Bits: [0x000001ed77950000, 0x000001ed79898000)

Polling page: 0x000001ed5c170000

Metaspace:

Usage:
  Non-class:     47.83 MB used.
      Class:      6.14 MB used.
       Both:     53.97 MB used.

Virtual space:
  Non-class space:       64.00 MB reserved,      47.94 MB ( 75%) committed,  1 nodes.
      Class space:        1.00 GB reserved,       6.31 MB ( <1%) committed,  1 nodes.
             Both:        1.06 GB reserved,      54.25 MB (  5%) committed. 

Chunk freelists:
   Non-Class:  14.95 MB
       Class:  9.73 MB
        Both:  24.69 MB

MaxMetaspaceSize: unlimited
CompressedClassSpaceSize: 1.00 GB
Initial GC threshold: 21.00 MB
Current GC threshold: 89.19 MB
CDS: on
MetaspaceReclaimPolicy: balanced
 - commit_granule_bytes: 65536.
 - commit_granule_words: 8192.
 - virtual_space_node_default_size: 8388608.
 - enlarge_chunks_in_place: 1.
 - new_chunks_are_fully_committed: 0.
 - uncommit_free_chunks: 1.
 - use_allocation_guard: 0.
 - handle_deallocations: 1.


Internal statistics:

num_allocs_failed_limit: 6.
num_arena_births: 312.
num_arena_deaths: 0.
num_vsnodes_births: 2.
num_vsnodes_deaths: 0.
num_space_committed: 866.
num_space_uncommitted: 0.
num_chunks_returned_to_freelist: 6.
num_chunks_taken_from_freelist: 2379.
num_chunk_merges: 6.
num_chunk_splits: 1836.
num_chunks_enlarged: 1582.
num_inconsistent_stats: 0.

CodeHeap 'non-profiled nmethods': size=120000Kb used=6294Kb max_used=6294Kb free=113705Kb
 bounds [0x000001ed6d900000, 0x000001ed6df30000, 0x000001ed74e30000]
CodeHeap 'profiled nmethods': size=120000Kb used=29470Kb max_used=29470Kb free=90529Kb
 bounds [0x000001ed65e30000, 0x000001ed67b00000, 0x000001ed6d360000]
CodeHeap 'non-nmethods': size=5760Kb used=1302Kb max_used=1379Kb free=4457Kb
 bounds [0x000001ed6d360000, 0x000001ed6d5d0000, 0x000001ed6d900000]
 total_blobs=10200 nmethods=9591 adapters=519
 compilation: enabled
              stopped_count=0, restarted_count=0
 full_count=0

Compilation events (20 events):
Event: 229.464 Thread 0x000001ed45104010 11520       3       org.jetbrains.kotlin.resolve.calls.results.AbstractOverloadResolutionResults::isSuccess (8 bytes)
Event: 229.465 Thread 0x000001ed45104010 nmethod 11520 0x000001ed661ef110 code [0x000001ed661ef2c0, 0x000001ed661ef4a8]
Event: 229.648 Thread 0x000001ed451026f0 11521       4       org.jetbrains.kotlin.types.checker.NewKotlinTypeCheckerImpl::isSubtypeOf (38 bytes)
Event: 229.650 Thread 0x000001ed451026f0 nmethod 11521 0x000001ed6de8d790 code [0x000001ed6de8d920, 0x000001ed6de8da28]
Event: 229.653 Thread 0x000001ed451026f0 11522   !   4       org.jetbrains.kotlin.util.PerformanceCounter::time (216 bytes)
Event: 229.655 Thread 0x000001ed451026f0 nmethod 11522 0x000001ed6de8d410 code [0x000001ed6de8d5a0, 0x000001ed6de8d678]
Event: 229.666 Thread 0x000001ed451026f0 11523       4       org.jetbrains.kotlin.resolve.calls.inference.model.NewConstraintSystemImpl::addOtherSystem (343 bytes)
Event: 229.714 Thread 0x000001ed45104010 11525       3       org.jetbrains.kotlin.resolve.constants.evaluate.ConstantExpressionEvaluatorVisitor::createOperationArgumentForReceiver (35 bytes)
Event: 229.714 Thread 0x000001ed45104010 nmethod 11525 0x000001ed663eb490 code [0x000001ed663eb680, 0x000001ed663eb968]
Event: 229.947 Thread 0x000001ed451026f0 nmethod 11523 0x000001ed6df1fd10 code [0x000001ed6df20140, 0x000001ed6df243f0]
Event: 229.949 Thread 0x000001ed451026f0 11524       4       org.jetbrains.kotlin.util.slicedMap.OpenAddressLinearProbingHashTable::forEach (62 bytes)
Event: 230.012 Thread 0x000001ed451026f0 nmethod 11524 0x000001ed6de8c790 code [0x000001ed6de8c960, 0x000001ed6de8cec8]
Event: 230.118 Thread 0x000001ed451026f0 11526       4       org.jetbrains.kotlin.psi.KtClassBody::getParent (5 bytes)
Event: 230.121 Thread 0x000001ed45104010 11527       3       org.jetbrains.kotlin.descriptors.impl.PropertySetterDescriptorImpl::getOriginal (14 bytes)
Event: 230.122 Thread 0x000001ed45104010 nmethod 11527 0x000001ed669ecb90 code [0x000001ed669ecd40, 0x000001ed669ecec8]
Event: 230.131 Thread 0x000001ed45104010 11528       3       org.jetbrains.kotlin.resolve.calls.util.FakeCallableDescriptorForObject::getOriginal (8 bytes)
Event: 230.132 Thread 0x000001ed45104010 nmethod 11528 0x000001ed669ec710 code [0x000001ed669ec8c0, 0x000001ed669ecab8]
Event: 230.144 Thread 0x000001ed45104010 11529       3       org.jetbrains.kotlin.contracts.EffectsExtractingVisitor::toComputation (89 bytes)
Event: 230.148 Thread 0x000001ed45104010 nmethod 11529 0x000001ed66610410 code [0x000001ed666106c0, 0x000001ed666114d8]
Event: 230.396 Thread 0x000001ed451026f0 nmethod 11526 0x000001ed6de8b990 code [0x000001ed6de8bb80, 0x000001ed6de8c058]

GC Heap History (20 events):
Event: 32.194 GC heap after
{Heap after GC invocations=11 (full 0):
 garbage-first heap   total 55296K, used 29392K [0x0000000082e00000, 0x0000000100000000)
  region size 1024K, 2 young (2048K), 2 survivors (2048K)
 Metaspace       used 37084K, committed 37376K, reserved 1114112K
  class space    used 4502K, committed 4672K, reserved 1048576K
}
Event: 32.199 GC heap before
{Heap before GC invocations=11 (full 0):
 garbage-first heap   total 55296K, used 30416K [0x0000000082e00000, 0x0000000100000000)
  region size 1024K, 3 young (3072K), 2 survivors (2048K)
 Metaspace       used 37085K, committed 37376K, reserved 1114112K
  class space    used 4502K, committed 4672K, reserved 1048576K
}
Event: 32.205 GC heap after
{Heap after GC invocations=12 (full 0):
 garbage-first heap   total 110592K, used 29248K [0x0000000082e00000, 0x0000000100000000)
  region size 1024K, 1 young (1024K), 1 survivors (1024K)
 Metaspace       used 37085K, committed 37376K, reserved 1114112K
  class space    used 4502K, committed 4672K, reserved 1048576K
}
Event: 45.166 GC heap before
{Heap before GC invocations=12 (full 0):
 garbage-first heap   total 110592K, used 78400K [0x0000000082e00000, 0x0000000100000000)
  region size 1024K, 49 young (50176K), 1 survivors (1024K)
 Metaspace       used 43889K, committed 44160K, reserved 1114112K
  class space    used 5339K, committed 5504K, reserved 1048576K
}
Event: 45.197 GC heap after
{Heap after GC invocations=13 (full 0):
 garbage-first heap   total 110592K, used 35575K [0x0000000082e00000, 0x0000000100000000)
  region size 1024K, 7 young (7168K), 7 survivors (7168K)
 Metaspace       used 43889K, committed 44160K, reserved 1114112K
  class space    used 5339K, committed 5504K, reserved 1048576K
}
Event: 82.720 GC heap before
{Heap before GC invocations=13 (full 0):
 garbage-first heap   total 110592K, used 80631K [0x0000000082e00000, 0x0000000100000000)
  region size 1024K, 51 young (52224K), 7 survivors (7168K)
 Metaspace       used 48174K, committed 48448K, reserved 1114112K
  class space    used 5756K, committed 5888K, reserved 1048576K
}
Event: 82.780 GC heap after
{Heap after GC invocations=14 (full 0):
 garbage-first heap   total 110592K, used 43771K [0x0000000082e00000, 0x0000000100000000)
  region size 1024K, 7 young (7168K), 7 survivors (7168K)
 Metaspace       used 48174K, committed 48448K, reserved 1114112K
  class space    used 5756K, committed 5888K, reserved 1048576K
}
Event: 99.134 GC heap before
{Heap before GC invocations=14 (full 0):
 garbage-first heap   total 110592K, used 80635K [0x0000000082e00000, 0x0000000100000000)
  region size 1024K, 43 young (44032K), 7 survivors (7168K)
 Metaspace       used 48501K, committed 48768K, reserved 1114112K
  class space    used 5759K, committed 5888K, reserved 1048576K
}
Event: 99.180 GC heap after
{Heap after GC invocations=15 (full 0):
 garbage-first heap   total 110592K, used 50688K [0x0000000082e00000, 0x0000000100000000)
  region size 1024K, 6 young (6144K), 6 survivors (6144K)
 Metaspace       used 48501K, committed 48768K, reserved 1114112K
  class space    used 5759K, committed 5888K, reserved 1048576K
}
Event: 115.295 GC heap before
{Heap before GC invocations=15 (full 0):
 garbage-first heap   total 110592K, used 83456K [0x0000000082e00000, 0x0000000100000000)
  region size 1024K, 38 young (38912K), 6 survivors (6144K)
 Metaspace       used 49630K, committed 49920K, reserved 1114112K
  class space    used 5859K, committed 6016K, reserved 1048576K
}
Event: 115.335 GC heap after
{Heap after GC invocations=16 (full 0):
 garbage-first heap   total 110592K, used 55808K [0x0000000082e00000, 0x0000000100000000)
  region size 1024K, 5 young (5120K), 5 survivors (5120K)
 Metaspace       used 49630K, committed 49920K, reserved 1114112K
  class space    used 5859K, committed 6016K, reserved 1048576K
}
Event: 154.927 GC heap before
{Heap before GC invocations=16 (full 0):
 garbage-first heap   total 110592K, used 85504K [0x0000000082e00000, 0x0000000100000000)
  region size 1024K, 34 young (34816K), 5 survivors (5120K)
 Metaspace       used 52334K, committed 52608K, reserved 1114112K
  class space    used 6052K, committed 6208K, reserved 1048576K
}
Event: 154.951 GC heap after
{Heap after GC invocations=17 (full 0):
 garbage-first heap   total 110592K, used 58275K [0x0000000082e00000, 0x0000000100000000)
  region size 1024K, 3 young (3072K), 3 survivors (3072K)
 Metaspace       used 52334K, committed 52608K, reserved 1114112K
  class space    used 6052K, committed 6208K, reserved 1048576K
}
Event: 187.555 GC heap before
{Heap before GC invocations=18 (full 0):
 garbage-first heap   total 110592K, used 88995K [0x0000000082e00000, 0x0000000100000000)
  region size 1024K, 31 young (31744K), 3 survivors (3072K)
 Metaspace       used 53883K, committed 54208K, reserved 1114112K
  class space    used 6163K, committed 6336K, reserved 1048576K
}
Event: 187.578 GC heap after
{Heap after GC invocations=19 (full 0):
 garbage-first heap   total 110592K, used 63909K [0x0000000082e00000, 0x0000000100000000)
  region size 1024K, 4 young (4096K), 4 survivors (4096K)
 Metaspace       used 53883K, committed 54208K, reserved 1114112K
  class space    used 6163K, committed 6336K, reserved 1048576K
}
Event: 188.920 GC heap before
{Heap before GC invocations=19 (full 0):
 garbage-first heap   total 110592K, used 64933K [0x0000000082e00000, 0x0000000100000000)
  region size 1024K, 5 young (5120K), 4 survivors (4096K)
 Metaspace       used 53905K, committed 54208K, reserved 1114112K
  class space    used 6163K, committed 6336K, reserved 1048576K
}
Event: 188.935 GC heap after
{Heap after GC invocations=20 (full 0):
 garbage-first heap   total 110592K, used 63648K [0x0000000082e00000, 0x0000000100000000)
  region size 1024K, 1 young (1024K), 1 survivors (1024K)
 Metaspace       used 53905K, committed 54208K, reserved 1114112K
  class space    used 6163K, committed 6336K, reserved 1048576K
}
Event: 213.343 GC heap before
{Heap before GC invocations=20 (full 0):
 garbage-first heap   total 110592K, used 88224K [0x0000000082e00000, 0x0000000100000000)
  region size 1024K, 25 young (25600K), 1 survivors (1024K)
 Metaspace       used 54515K, committed 54784K, reserved 1114112K
  class space    used 6206K, committed 6336K, reserved 1048576K
}
Event: 213.391 GC heap after
{Heap after GC invocations=21 (full 0):
 garbage-first heap   total 110592K, used 65595K [0x0000000082e00000, 0x0000000100000000)
  region size 1024K, 3 young (3072K), 3 survivors (3072K)
 Metaspace       used 54515K, committed 54784K, reserved 1114112K
  class space    used 6206K, committed 6336K, reserved 1048576K
}
Event: 230.398 GC heap before
{Heap before GC invocations=22 (full 0):
 garbage-first heap   total 112640K, used 90171K [0x0000000082e00000, 0x0000000100000000)
  region size 1024K, 26 young (26624K), 3 survivors (3072K)
 Metaspace       used 55262K, committed 55552K, reserved 1114112K
  class space    used 6286K, committed 6464K, reserved 1048576K
}

Dll operation events (7 events):
Event: 0.125 Loaded shared library C:\Program Files\Eclipse Adoptium\jdk-17.0.20.101-hotspot\bin\java.dll
Event: 0.307 Loaded shared library C:\Program Files\Eclipse Adoptium\jdk-17.0.20.101-hotspot\bin\jsvml.dll
Event: 0.516 Loaded shared library C:\Program Files\Eclipse Adoptium\jdk-17.0.20.101-hotspot\bin\net.dll
Event: 0.521 Loaded shared library C:\Program Files\Eclipse Adoptium\jdk-17.0.20.101-hotspot\bin\nio.dll
Event: 0.755 Loaded shared library C:\Program Files\Eclipse Adoptium\jdk-17.0.20.101-hotspot\bin\zip.dll
Event: 1.633 Loaded shared library C:\Program Files\Eclipse Adoptium\jdk-17.0.20.101-hotspot\bin\jimage.dll
Event: 15.628 Loaded shared library C:\Program Files\Eclipse Adoptium\jdk-17.0.20.101-hotspot\bin\verify.dll

Deoptimization events (20 events):
Event: 227.380 Thread 0x000001ed5e312020 DEOPT PACKING pc=0x000001ed6db67d7c sp=0x000000dce19fa830
Event: 227.380 Thread 0x000001ed5e312020 DEOPT UNPACKING pc=0x000001ed6d3b69a3 sp=0x000000dce19fa7e8 mode 2
Event: 227.380 Thread 0x000001ed5e312020 Uncommon trap: trap_request=0xffffffc6 fr.pc=0x000001ed6db67d7c relative=0x00000000000001dc
Event: 227.380 Thread 0x000001ed5e312020 Uncommon trap: reason=bimorphic_or_optimized_type_check action=maybe_recompile pc=0x000001ed6db67d7c method=org.jetbrains.kotlin.com.intellij.psi.impl.source.tree.CompositeElement.findChildByType(Lorg/jetbrains/kotlin/com/intellij/psi/tree/TokenSet;)Lorg/
Event: 227.380 Thread 0x000001ed5e312020 DEOPT PACKING pc=0x000001ed6db67d7c sp=0x000000dce19fa890
Event: 227.380 Thread 0x000001ed5e312020 DEOPT UNPACKING pc=0x000001ed6d3b69a3 sp=0x000000dce19fa848 mode 2
Event: 227.913 Thread 0x000001ed5e312020 Uncommon trap: trap_request=0xffffff45 fr.pc=0x000001ed6dcf1ad8 relative=0x0000000000000818
Event: 227.913 Thread 0x000001ed5e312020 Uncommon trap: reason=unstable_if action=reinterpret pc=0x000001ed6dcf1ad8 method=java.util.regex.Matcher.reset()Ljava/util/regex/Matcher; @ 47 c2
Event: 227.913 Thread 0x000001ed5e312020 DEOPT PACKING pc=0x000001ed6dcf1ad8 sp=0x000000dce19f9420
Event: 227.913 Thread 0x000001ed5e312020 DEOPT UNPACKING pc=0x000001ed6d3b69a3 sp=0x000000dce19f92f0 mode 2
Event: 227.913 Thread 0x000001ed5e312020 Uncommon trap: trap_request=0xffffff45 fr.pc=0x000001ed6dbdef68 relative=0x00000000000001c8
Event: 227.913 Thread 0x000001ed5e312020 Uncommon trap: reason=unstable_if action=reinterpret pc=0x000001ed6dbdef68 method=java.util.regex.Matcher.reset()Ljava/util/regex/Matcher; @ 47 c2
Event: 227.913 Thread 0x000001ed5e312020 DEOPT PACKING pc=0x000001ed6dbdef68 sp=0x000000dce19f9370
Event: 227.913 Thread 0x000001ed5e312020 DEOPT UNPACKING pc=0x000001ed6d3b69a3 sp=0x000000dce19f92f8 mode 2
Event: 228.523 Thread 0x000001ed5e312020 DEOPT PACKING pc=0x000001ed6663f135 sp=0x000000dce19f5f40
Event: 228.523 Thread 0x000001ed5e312020 DEOPT UNPACKING pc=0x000001ed6d3b7143 sp=0x000000dce19f5458 mode 0
Event: 229.108 Thread 0x000001ed5e312020 Uncommon trap: trap_request=0xffffff45 fr.pc=0x000001ed6ded4414 relative=0x0000000000000074
Event: 229.108 Thread 0x000001ed5e312020 Uncommon trap: reason=unstable_if action=reinterpret pc=0x000001ed6ded4414 method=org.jetbrains.kotlin.util.capitalizeDecapitalize.CapitalizeDecapitalizeKt.isUpperCaseCharAt(Ljava/lang/String;IZ)Z @ 13 c2
Event: 229.108 Thread 0x000001ed5e312020 DEOPT PACKING pc=0x000001ed6ded4414 sp=0x000000dce19fb6c0
Event: 229.108 Thread 0x000001ed5e312020 DEOPT UNPACKING pc=0x000001ed6d3b69a3 sp=0x000000dce19fb648 mode 2

Classes loaded (20 events):
Event: 43.996 Loading class java/util/stream/Nodes$EmptyNode$OfDouble
Event: 43.996 Loading class java/util/stream/Node$OfDouble
Event: 43.996 Loading class java/util/stream/Node$OfDouble done
Event: 43.996 Loading class java/util/stream/Nodes$EmptyNode$OfDouble done
Event: 43.996 Loading class java/util/stream/Nodes$SpinedNodeBuilder
Event: 43.997 Loading class java/util/stream/Node$Builder
Event: 43.997 Loading class java/util/stream/Node$Builder done
Event: 43.997 Loading class java/util/stream/SpinedBuffer
Event: 43.997 Loading class java/util/stream/AbstractSpinedBuffer
Event: 43.998 Loading class java/util/stream/AbstractSpinedBuffer done
Event: 43.998 Loading class java/util/stream/SpinedBuffer done
Event: 43.998 Loading class java/util/stream/Nodes$SpinedNodeBuilder done
Event: 44.621 Loading class java/util/RegularEnumSet$EnumSetIterator
Event: 44.621 Loading class java/util/RegularEnumSet$EnumSetIterator done
Event: 105.581 Loading class java/util/concurrent/locks/AbstractQueuedSynchronizer$Node
Event: 105.581 Loading class java/util/concurrent/locks/AbstractQueuedSynchronizer$Node done
Event: 138.135 Loading class java/lang/Short$ShortCache
Event: 138.135 Loading class java/lang/Short$ShortCache done
Event: 159.620 Loading class jdk/internal/math/FloatingDecimal$ASCIIToBinaryBuffer
Event: 159.621 Loading class jdk/internal/math/FloatingDecimal$ASCIIToBinaryBuffer done

Classes unloaded (0 events):
No events

Classes redefined (0 events):
No events

Internal exceptions (20 events):
Event: 43.986 Thread 0x000001ed5e312020 Exception <a 'java/lang/NoSuchMethodError'{0x0000000086f85ab8}: 'void java.lang.invoke.DirectMethodHandle$Holder.invokeInterface(java.lang.Object, java.lang.Object)'> (0x0000000086f85ab8) 
thrown [s\src\hotspot\share\interpreter\linkResolver.cpp, line 759]
Event: 48.786 Thread 0x000001ed5e312020 Implicit null exception at 0x000001ed6dbdb5d4 to 0x000001ed6dbdc3d8
Event: 55.460 Thread 0x000001ed5e312020 Exception <a 'java/lang/IncompatibleClassChangeError'{0x0000000088b77848}: Found class java.lang.Object, but interface was expected> (0x0000000088b77848) 
thrown [s\src\hotspot\share\interpreter\linkResolver.cpp, line 826]
Event: 68.796 Thread 0x000001ed5e312020 Exception <a 'java/lang/NoSuchMethodError'{0x0000000088672bd8}: 'java.lang.Object java.lang.invoke.DirectMethodHandle$Holder.invokeSpecial(java.lang.Object, java.lang.Object, java.lang.Object, java.lang.Object, java.lang.Object, java.lang.Object, int)'> (0x0000000088672bd8) 
thrown [s\src\hotspot\share\interpreter\linkResolver.cpp, line 759]
Event: 71.411 Thread 0x000001ed5e312020 Exception <a 'java/lang/NoSuchMethodError'{0x00000000881efc88}: 'java.lang.Object java.lang.invoke.DirectMethodHandle$Holder.invokeSpecial(java.lang.Object, java.lang.Object, int, java.lang.Object, java.lang.Object)'> (0x00000000881efc88) 
thrown [s\src\hotspot\share\interpreter\linkResolver.cpp, line 759]
Event: 72.233 Thread 0x000001ed5e312020 Exception <a 'java/lang/NoSuchMethodError'{0x0000000087f0c0a8}: 'int java.lang.invoke.DirectMethodHandle$Holder.invokeStaticInit(java.lang.Object, int)'> (0x0000000087f0c0a8) 
thrown [s\src\hotspot\share\interpreter\linkResolver.cpp, line 759]
Event: 74.226 Thread 0x000001ed5e312020 Exception <a 'java/lang/NoSuchMethodError'{0x00000000879f0cc8}: 'java.lang.Object java.lang.invoke.DirectMethodHandle$Holder.invokeStatic(java.lang.Object, int, java.lang.Object)'> (0x00000000879f0cc8) 
thrown [s\src\hotspot\share\interpreter\linkResolver.cpp, line 759]
Event: 75.554 Thread 0x000001ed5e312020 Exception <a 'java/lang/NoSuchMethodError'{0x00000000876c35c0}: 'int java.lang.invoke.DirectMethodHandle$Holder.invokeInterface(java.lang.Object, java.lang.Object)'> (0x00000000876c35c0) 
thrown [s\src\hotspot\share\interpreter\linkResolver.cpp, line 759]
Event: 80.310 Thread 0x000001ed5e312020 Exception <a 'java/lang/NoSuchMethodError'{0x000000008716c238}: 'java.lang.Object java.lang.invoke.DirectMethodHandle$Holder.invokeStatic(java.lang.Object, int, java.lang.Object, java.lang.Object)'> (0x000000008716c238) 
thrown [s\src\hotspot\share\interpreter\linkResolver.cpp, line 759]
Event: 80.312 Thread 0x000001ed5e312020 Exception <a 'java/lang/NoSuchMethodError'{0x0000000087174398}: 'java.lang.Object java.lang.invoke.DirectMethodHandle$Holder.newInvokeSpecial(java.lang.Object, int, java.lang.Object)'> (0x0000000087174398) 
thrown [s\src\hotspot\share\interpreter\linkResolver.cpp, line 759]
Event: 109.094 Thread 0x000001ed5e312020 Exception <a 'java/lang/NoSuchMethodError'{0x0000000088ae23e8}: 'java.lang.Object java.lang.invoke.DirectMethodHandle$Holder.invokeInterface(java.lang.Object, java.lang.Object, java.lang.Object)'> (0x0000000088ae23e8) 
thrown [s\src\hotspot\share\interpreter\linkResolver.cpp, line 759]
Event: 109.095 Thread 0x000001ed5e312020 Exception <a 'java/lang/IncompatibleClassChangeError'{0x0000000088ae5d58}: Found class java.lang.Object, but interface was expected> (0x0000000088ae5d58) 
thrown [s\src\hotspot\share\interpreter\linkResolver.cpp, line 826]
Event: 114.069 Thread 0x000001ed5e312020 Exception <a 'java/lang/NoSuchMethodError'{0x0000000087fc1800}: 'java.lang.Object java.lang.invoke.DirectMethodHandle$Holder.newInvokeSpecial(java.lang.Object, java.lang.Object, java.lang.Object, java.lang.Object, java.lang.Object, java.lang.Object, java.lang.Object)'> (0x0000000087fc1800) 
thrown [s\src\hotspot\share\interpreter\linkResolver.cpp, line 759]
Event: 114.070 Thread 0x000001ed5e312020 Exception <a 'java/lang/NoSuchMethodError'{0x0000000087fc63b8}: 'java.lang.Object java.lang.invoke.Invokers$Holder.linkToTargetMethod(java.lang.Object, java.lang.Object, java.lang.Object, java.lang.Object, java.lang.Object, java.lang.Object, java.lang.Object)'> (0x0000000087fc63b8) 
thrown [s\src\hotspot\share\interpreter\linkResolver.cpp, line 759]
Event: 123.931 Thread 0x000001ed5e312020 Implicit null exception at 0x000001ed6ddabb8b to 0x000001ed6ddaf1ac
Event: 123.931 Thread 0x000001ed5e312020 Implicit null exception at 0x000001ed6dcbb1c3 to 0x000001ed6dcbb469
Event: 142.904 Thread 0x000001ed5e312020 Implicit null exception at 0x000001ed6dd2bb6b to 0x000001ed6dd2ed80
Event: 145.882 Thread 0x000001ed5e312020 Implicit null exception at 0x000001ed6dacd49d to 0x000001ed6dacddec
Event: 178.449 Thread 0x000001ed5e312020 Implicit null exception at 0x000001ed6de6f3cc to 0x000001ed6de6f490
Event: 188.905 Thread 0x000001ed5e312020 Implicit null exception at 0x000001ed6de95837 to 0x000001ed6de994d8

VM Operations (20 events):
Event: 220.304 Executing VM operation: Cleanup done
Event: 221.316 Executing VM operation: Cleanup
Event: 221.316 Executing VM operation: Cleanup done
Event: 222.331 Executing VM operation: Cleanup
Event: 222.603 Executing VM operation: Cleanup done
Event: 223.621 Executing VM operation: Cleanup
Event: 223.778 Executing VM operation: Cleanup done
Event: 224.794 Executing VM operation: Cleanup
Event: 224.968 Executing VM operation: Cleanup done
Event: 225.981 Executing VM operation: Cleanup
Event: 226.411 Executing VM operation: Cleanup done
Event: 227.393 Executing VM operation: HandshakeAllThreads
Event: 227.393 Executing VM operation: HandshakeAllThreads done
Event: 228.399 Executing VM operation: Cleanup
Event: 228.510 Executing VM operation: Cleanup done
Event: 229.141 Executing VM operation: HandshakeAllThreads
Event: 229.160 Executing VM operation: HandshakeAllThreads done
Event: 230.172 Executing VM operation: Cleanup
Event: 230.393 Executing VM operation: Cleanup done
Event: 230.398 Executing VM operation: G1CollectForAllocation

Memory protections (0 events):
No events

Nmethod flushes (20 events):
Event: 190.513 Thread 0x000001ed4517df80 flushing  nmethod 0x000001ed67425a10
Event: 190.513 Thread 0x000001ed4517df80 flushing  nmethod 0x000001ed6742ce90
Event: 190.513 Thread 0x000001ed4517df80 flushing  nmethod 0x000001ed67430590
Event: 190.513 Thread 0x000001ed4517df80 flushing  nmethod 0x000001ed674c9410
Event: 190.514 Thread 0x000001ed4517df80 flushing  nmethod 0x000001ed674c9c10
Event: 190.514 Thread 0x000001ed4517df80 flushing  nmethod 0x000001ed674cc390
Event: 190.514 Thread 0x000001ed4517df80 flushing  nmethod 0x000001ed674d7a90
Event: 190.514 Thread 0x000001ed4517df80 flushing  nmethod 0x000001ed67520e10
Event: 190.514 Thread 0x000001ed4517df80 flushing  nmethod 0x000001ed67599110
Event: 190.515 Thread 0x000001ed4517df80 flushing  nmethod 0x000001ed676a1b90
Event: 229.163 Thread 0x000001ed4517df80 flushing  nmethod 0x000001ed6de8b210
Event: 229.164 Thread 0x000001ed4517df80 flushing  nmethod 0x000001ed65e32810
Event: 229.167 Thread 0x000001ed4517df80 flushing  nmethod 0x000001ed661eee10
Event: 229.169 Thread 0x000001ed4517df80 flushing  nmethod 0x000001ed663eb490
Event: 229.171 Thread 0x000001ed4517df80 flushing  nmethod 0x000001ed66610410
Event: 229.172 Thread 0x000001ed4517df80 flushing  nmethod 0x000001ed6668aa90
Event: 229.174 Thread 0x000001ed4517df80 flushing  nmethod 0x000001ed6687e910
Event: 229.176 Thread 0x000001ed4517df80 flushing  nmethod 0x000001ed669ec210
Event: 229.176 Thread 0x000001ed4517df80 flushing  nmethod 0x000001ed66adf010
Event: 229.179 Thread 0x000001ed4517df80 flushing  nmethod 0x000001ed66d48e90

Events (20 events):
Event: 0.338 Thread 0x000001ed5e312020 Thread added: 0x000001ed79a88ed0
Event: 0.380 Thread 0x000001ed5e312020 Thread added: 0x000001ed45100080
Event: 0.380 Thread 0x000001ed5e312020 Thread added: 0x000001ed45100950
Event: 0.381 Thread 0x000001ed5e312020 Thread added: 0x000001ed45101220
Event: 0.381 Thread 0x000001ed5e312020 Thread added: 0x000001ed45101af0
Event: 0.381 Thread 0x000001ed5e312020 Thread added: 0x000001ed451026f0
Event: 0.388 Thread 0x000001ed5e312020 Thread added: 0x000001ed45104010
Event: 0.397 Thread 0x000001ed5e312020 Thread added: 0x000001ed4517df80
Event: 0.495 Thread 0x000001ed5e312020 Thread added: 0x000001ed45233da0
Event: 0.500 Thread 0x000001ed5e312020 Thread added: 0x000001ed4523af10
Event: 41.929 Thread 0x000001ed45104010 Thread added: 0x000001ed46a48640
Event: 42.383 Thread 0x000001ed46a48640 Thread exited: 0x000001ed46a48640
Event: 104.500 Thread 0x000001ed451026f0 Thread added: 0x000001ed48018ad0
Event: 105.559 Thread 0x000001ed48018ad0 Thread exited: 0x000001ed48018ad0
Event: 108.305 Thread 0x000001ed45104010 Thread added: 0x000001ed45dd47d0
Event: 109.084 Thread 0x000001ed45dd47d0 Thread exited: 0x000001ed45dd47d0
Event: 111.578 Thread 0x000001ed45104010 Thread added: 0x000001ed45dd47d0
Event: 114.440 Thread 0x000001ed45dd47d0 Thread exited: 0x000001ed45dd47d0
Event: 115.383 Thread 0x000001ed45104010 Thread added: 0x000001ed45dd47d0
Event: 116.030 Thread 0x000001ed45dd47d0 Thread exited: 0x000001ed45dd47d0


Dynamic libraries:
0x00007ff7971e0000 - 0x00007ff7971ee000 	C:\Program Files\Eclipse Adoptium\jdk-17.0.20.101-hotspot\bin\java.exe
0x00007ffc84050000 - 0x00007ffc84248000 	C:\WINDOWS\SYSTEM32\ntdll.dll
0x00007ffc82750000 - 0x00007ffc82812000 	C:\WINDOWS\System32\KERNEL32.DLL
0x00007ffc81c00000 - 0x00007ffc81ef6000 	C:\WINDOWS\System32\KERNELBASE.dll
0x00007ffc816e0000 - 0x00007ffc817e0000 	C:\WINDOWS\System32\ucrtbase.dll
0x00007ffc601e0000 - 0x00007ffc601fe000 	C:\Program Files\Eclipse Adoptium\jdk-17.0.20.101-hotspot\bin\VCRUNTIME140.dll
0x00007ffc61c50000 - 0x00007ffc61c68000 	C:\Program Files\Eclipse Adoptium\jdk-17.0.20.101-hotspot\bin\jli.dll
0x00007ffc82af0000 - 0x00007ffc82c91000 	C:\WINDOWS\System32\USER32.dll
0x00007ffc81f30000 - 0x00007ffc81f52000 	C:\WINDOWS\System32\win32u.dll
0x00007ffc82820000 - 0x00007ffc8284b000 	C:\WINDOWS\System32\GDI32.dll
0x00007ffc81880000 - 0x00007ffc81999000 	C:\WINDOWS\System32\gdi32full.dll
0x00007ffc817e0000 - 0x00007ffc8187d000 	C:\WINDOWS\System32\msvcp_win.dll
0x00007ffc742d0000 - 0x00007ffc7456b000 	C:\WINDOWS\WinSxS\amd64_microsoft.windows.common-controls_6595b64144ccf1df_6.0.19041.6456_none_60b8a6cb71f64256\COMCTL32.dll
0x00007ffc83de0000 - 0x00007ffc83e7e000 	C:\WINDOWS\System32\msvcrt.dll
0x00007ffc82250000 - 0x00007ffc8227f000 	C:\WINDOWS\System32\IMM32.DLL
0x00007ffc814e0000 - 0x00007ffc81517000 	C:\WINDOWS\system32\DriverStore\FileRepository\nvacwu.inf_amd64_9d2734742a07f3cf\nvinitx.dll
0x00007ffc83600000 - 0x00007ffc836b1000 	C:\WINDOWS\System32\ADVAPI32.dll
0x00007ffc82cb0000 - 0x00007ffc82d4f000 	C:\WINDOWS\System32\sechost.dll
0x00007ffc82d70000 - 0x00007ffc82e90000 	C:\WINDOWS\System32\RPCRT4.dll
0x00007ffc81f00000 - 0x00007ffc81f27000 	C:\WINDOWS\System32\bcrypt.dll
0x00007ffc814d0000 - 0x00007ffc814da000 	C:\WINDOWS\SYSTEM32\VERSION.dll
0x00007ffc82e90000 - 0x00007ffc83600000 	C:\WINDOWS\System32\Shell32.dll
0x00007ffc7e880000 - 0x00007ffc7f025000 	C:\WINDOWS\SYSTEM32\windows.storage.dll
0x00007ffc83800000 - 0x00007ffc83b54000 	C:\WINDOWS\System32\combase.dll
0x00007ffc80860000 - 0x00007ffc8088b000 	C:\WINDOWS\SYSTEM32\Wldp.dll
0x00007ffc836c0000 - 0x00007ffc8378d000 	C:\WINDOWS\System32\OLEAUT32.dll
0x00007ffc83b60000 - 0x00007ffc83c0d000 	C:\WINDOWS\System32\SHCORE.dll
0x00007ffc820d0000 - 0x00007ffc8212b000 	C:\WINDOWS\System32\shlwapi.dll
0x0000000074080000 - 0x0000000074086000 	C:\Program Files\NVIDIA Corporation\CoProcManager\_etoured.dll
0x00007ffc6ffa0000 - 0x00007ffc6ffe4000 	C:\Program Files\NVIDIA Corporation\CoProcManager\nvd3d9wrapx.dll
0x00007ffc822e0000 - 0x00007ffc82750000 	C:\WINDOWS\System32\SETUPAPI.dll
0x00007ffc81bb0000 - 0x00007ffc81bfe000 	C:\WINDOWS\System32\cfgmgr32.dll
0x00007ffc70490000 - 0x00007ffc704be000 	C:\Program Files\NVIDIA Corporation\CoProcManager\nvdxgiwrapx.dll
0x00007ffc6dc70000 - 0x00007ffc6dc7c000 	C:\Program Files\Eclipse Adoptium\jdk-17.0.20.101-hotspot\bin\vcruntime140_1.dll
0x00007ffc4ba70000 - 0x00007ffc4bafd000 	C:\Program Files\Eclipse Adoptium\jdk-17.0.20.101-hotspot\bin\msvcp140.dll
0x00007ffc292e0000 - 0x00007ffc29f4c000 	C:\Program Files\Eclipse Adoptium\jdk-17.0.20.101-hotspot\bin\server\jvm.dll
0x00007ffc83790000 - 0x00007ffc837fb000 	C:\WINDOWS\System32\WS2_32.dll
0x00007ffc81540000 - 0x00007ffc8158b000 	C:\WINDOWS\SYSTEM32\POWRPROF.dll
0x00007ffc72c80000 - 0x00007ffc72ca7000 	C:\WINDOWS\SYSTEM32\WINMM.dll
0x00007ffc81520000 - 0x00007ffc81532000 	C:\WINDOWS\SYSTEM32\UMPDC.dll
0x00007ffc7e680000 - 0x00007ffc7e692000 	C:\WINDOWS\SYSTEM32\kernel.appcore.dll
0x00007ffc6dc30000 - 0x00007ffc6dc3a000 	C:\Program Files\Eclipse Adoptium\jdk-17.0.20.101-hotspot\bin\jimage.dll
0x00007ffc725a0000 - 0x00007ffc727a1000 	C:\WINDOWS\SYSTEM32\DBGHELP.DLL
0x00007ffc6b3b0000 - 0x00007ffc6b3e4000 	C:\WINDOWS\SYSTEM32\dbgcore.DLL
0x00007ffc81fe0000 - 0x00007ffc82062000 	C:\WINDOWS\System32\bcryptPrimitives.dll
0x00007ffc5ebe0000 - 0x00007ffc5ec05000 	C:\Program Files\Eclipse Adoptium\jdk-17.0.20.101-hotspot\bin\java.dll
0x00007ffc42240000 - 0x00007ffc42317000 	C:\Program Files\Eclipse Adoptium\jdk-17.0.20.101-hotspot\bin\jsvml.dll
0x00007ffc81610000 - 0x00007ffc81634000 	C:\WINDOWS\SYSTEM32\profapi.dll
0x00007ffc5d190000 - 0x00007ffc5d1aa000 	C:\Program Files\Eclipse Adoptium\jdk-17.0.20.101-hotspot\bin\net.dll
0x00007ffc74820000 - 0x00007ffc7492a000 	C:\WINDOWS\SYSTEM32\WINHTTP.dll
0x00007ffc80620000 - 0x00007ffc8068a000 	C:\WINDOWS\system32\mswsock.dll
0x00007ffc5d140000 - 0x00007ffc5d156000 	C:\Program Files\Eclipse Adoptium\jdk-17.0.20.101-hotspot\bin\nio.dll
0x00007ffc5c6a0000 - 0x00007ffc5c6b8000 	C:\Program Files\Eclipse Adoptium\jdk-17.0.20.101-hotspot\bin\zip.dll
0x00007ffc6ccd0000 - 0x00007ffc6cce0000 	C:\Program Files\Eclipse Adoptium\jdk-17.0.20.101-hotspot\bin\verify.dll

dbghelp: loaded successfully - version: 4.0.5 - missing functions: none
symbol engine: initialized successfully - sym options: 0x614 - pdb path: .;C:\Program Files\Eclipse Adoptium\jdk-17.0.20.101-hotspot\bin;C:\WINDOWS\SYSTEM32;C:\WINDOWS\WinSxS\amd64_microsoft.windows.common-controls_6595b64144ccf1df_6.0.19041.6456_none_60b8a6cb71f64256;C:\WINDOWS\system32\DriverStore\FileRepository\nvacwu.inf_amd64_9d2734742a07f3cf;C:\Program Files\NVIDIA Corporation\CoProcManager;C:\Program Files\Eclipse Adoptium\jdk-17.0.20.101-hotspot\bin\server

VM Arguments:
java_command: org.jetbrains.kotlin.cli.jvm.K2JVMCompiler @D:\LionPOSNative\node_modules\react-native-gesture-handler\android\build\20260921_10838315290651308085.compiler.options
java_class_path (initial): C:\Users\PC-001\.gradle\caches\modules-2\files-2.1\org.jetbrains.kotlin\kotlin-compiler-embeddable\1.9.22\9cd4dc7773cf2a99ecd961a88fbbc9a2da3fb5e1\kotlin-compiler-embeddable-1.9.22.jar;C:\Users\PC-001\.gradle\caches\modules-2\files-2.1\org.jetbrains.kotlin\kotlin-stdlib\1.9.22\d6c44cd08d8f3f9bece8101216dbe6553365c6e3\kotlin-stdlib-1.9.22.jar;C:\Users\PC-001\.gradle\caches\modules-2\files-2.1\org.jetbrains.kotlin\kotlin-script-runtime\1.9.22\f8139a46fc677ec9badc49ae954392f4f5e7e7c7\kotlin-script-runtime-1.9.22.jar;C:\Users\PC-001\.gradle\caches\modules-2\files-2.1\org.jetbrains.kotlin\kotlin-reflect\1.6.10\1cbe9c92c12a94eea200d23c2bbaedaf3daf5132\kotlin-reflect-1.6.10.jar;C:\Users\PC-001\.gradle\caches\modules-2\files-2.1\org.jetbrains.kotlin\kotlin-daemon-embeddable\1.9.22\20e2c5df715f3240c765cfc222530e2796542021\kotlin-daemon-embeddable-1.9.22.jar;C:\Users\PC-001\.gradle\caches\modules-2\files-2.1\org.jetbrains.intellij.deps\trove4j\1.0.20200330\3afb14d5f9ceb459d724e907a21145e8ff394f02\trove4j-1.0.20200330.jar;C:\Users\PC-001\.gradle\caches\modules-2\files-2.1\org.jetbrains\annotations\13.0\919f0dfe192fb4e063e7dacadee7f8bb9a2672a9\annotations-13.0.jar
Launcher Type: SUN_STANDARD

[Global flags]
     intx CICompilerCount                          = 3                                         {product} {ergonomic}
     uint ConcGCThreads                            = 1                                         {product} {ergonomic}
     uint G1ConcRefinementThreads                  = 4                                         {product} {ergonomic}
   size_t G1HeapRegionSize                         = 1048576                                   {product} {ergonomic}
    uintx GCDrainStackTargetSize                   = 64                                        {product} {ergonomic}
   size_t InitialHeapSize                          = 132120576                                 {product} {ergonomic}
   size_t MarkStackSize                            = 4194304                                   {product} {ergonomic}
   size_t MaxHeapSize                              = 2099249152                                {product} {ergonomic}
   size_t MaxNewSize                               = 1259339776                                {product} {ergonomic}
   size_t MinHeapDeltaBytes                        = 1048576                                   {product} {ergonomic}
   size_t MinHeapSize                              = 8388608                                   {product} {ergonomic}
    uintx NonNMethodCodeHeapSize                   = 5832780                                {pd product} {ergonomic}
    uintx NonProfiledCodeHeapSize                  = 122912730                              {pd product} {ergonomic}
    uintx ProfiledCodeHeapSize                     = 122912730                              {pd product} {ergonomic}
    uintx ReservedCodeCacheSize                    = 251658240                              {pd product} {ergonomic}
     bool SegmentedCodeCache                       = true                                      {product} {ergonomic}
   size_t SoftMaxHeapSize                          = 2099249152                             {manageable} {ergonomic}
     bool UseCompressedClassPointers               = true                           {product lp64_product} {ergonomic}
     bool UseCompressedOops                        = true                           {product lp64_product} {ergonomic}
     bool UseG1GC                                  = true                                      {product} {ergonomic}
     bool UseLargePagesIndividualAllocation        = false                                  {pd product} {ergonomic}

Logging:
Log output configuration:
 #0: stdout all=warning uptime,level,tags
 #1: stderr all=off uptime,level,tags

Environment Variables:
JAVA_HOME=C:\Program Files\Eclipse Adoptium\jdk-17.0.20.101-hotspot
CLASSPATH=D:\LionPOSNative\android\\gradle\wrapper\gradle-wrapper.jar
PATH=D:\LionPOSNative\node_modules\.bin;D:\LionPOSNative\node_modules\.bin;D:\node_modules\.bin;C:\Program Files\nodejs\node_modules\npm\node_modules\@npmcli\run-script\lib\node-gyp-bin;C:\Program Files\Eclipse Adoptium\jdk-17.0.20.101-hotspot\bin;C:\WINDOWS\system32;C:\WINDOWS;C:\WINDOWS\System32\Wbem;C:\WINDOWS\System32\WindowsPowerShell\v1.0\;C:\WINDOWS\System32\OpenSSH\;C:\Program Files\Git\cmd;C:\Program Files\nodejs\;C:\WINDOWS\system32;C:\WINDOWS;C:\WINDOWS\System32\Wbem;C:\WINDOWS\System32\WindowsPowerShell\v1.0\;C:\WINDOWS\System32\OpenSSH\;C:\Program Files\Git\cmd;C:\Program Files\nodejs\;C:\Users\PC-001\AppData\Local\Programs\Python\Python313\Scripts\;C:\Users\PC-001\AppData\Local\Programs\Python\Python313\;C:\Users\PC-001\AppData\Local\Programs\Python\Launcher\;C:\Users\PC-001\AppData\Local\Microsoft\WindowsApps;C:\Users\PC-001\AppData\Local\Programs\Microsoft VS Code\bin;C:\Users\PC-001\AppData\Local\GitHubDesktop\bin;C:\Users\PC-001\.gradle\jdks\eclipse_adoptium-17-amd64-windows.2\bin;C:\Users\PC-001\AppData\Roaming\npm;C:\Users\PC-001\AppData\Local\Android\Sdk\platform-tools;C:\Users\PC-001\AppData\Local\Android\Sdk\emulator
USERNAME=PC-001
OS=Windows_NT
PROCESSOR_IDENTIFIER=Intel64 Family 6 Model 42 Stepping 7, GenuineIntel
TMP=C:\Users\PC-001\AppData\Local\Temp
TEMP=C:\Users\PC-001\AppData\Local\Temp



Periodic native trim disabled


---------------  S Y S T E M  ---------------

OS:
 Windows 10 , 64 bit Build 19041 (10.0.19041.5915)
OS uptime: 0 days 1:24 hours
Hyper-V role detected

CPU: total 4 (initial active 4) (2 cores per cpu, 2 threads per core) family 6 model 42 stepping 7 microcode 0x2f, cx8, cmov, fxsr, ht, mmx, sse, sse2, sse3, ssse3, sse4.1, sse4.2, popcnt, tsc, tscinvbit, avx, aes, clmul, vzeroupper, clflush, hv
Processor Information for all 4 processors :
  Max Mhz: 2501, Current Mhz: 2501, Mhz Limit: 2501

Memory: 4k page, system-wide physical 8003M (618M free)
TotalPageFile size 16195M (AvailPageFile size 4935M)
current process WorkingSet (physical memory assigned to process): 280M, peak: 285M
current process commit charge ("private bytes"): 319M, peak: 322M

vm_info: OpenJDK 64-Bit Server VM (17.0.20.1+1) for windows-amd64 JRE (17.0.20.1+1), built on Aug 18 2026 20:44:09 by "admin" with MS VC++ 17.12 (VS2022)

END.
